// Jest Snapshot v1, https://goo.gl/fbAQLP

exports[`DocumentForm component renders DocumentForm 1`] = `
<form
  onSubmit={[Function]}
>
  <input
    onChange={[Function]}
    value="hi"
  />
  <button>
    +
  </button>
</form>
`;
